main.c:145:5:main	8	static
main.c:235:6:SystemClock_Config	88	static
main.c:286:13:MX_ADC1_Init	24	static
main.c:336:13:MX_ADC2_Init	24	static
main.c:386:13:MX_ADC3_Init	24	static
main.c:436:13:MX_DAC_Init	16	static
main.c:474:13:MX_TIM1_Init	32	static
main.c:520:13:MX_TIM10_Init	40	static
main.c:565:13:MX_USART2_UART_Init	8	static
main.c:596:13:MX_DMA_Init	16	static
main.c:614:13:MX_GPIO_Init	48	static
main.c:695:6:HAL_TIM_PeriodElapsedCallback	24	static
main.c:918:9:print_ring_buf	208	static
main.c:980:9:print_ring_buf_v2	24	static
main.c:1058:6:Error_Handler	4	static,ignoring_inline_asm
