main.c:118:5:main	80	static
main.c:201:6:SystemClock_Config	88	static
main.c:253:13:MX_ADC1_Init	24	static
main.c:303:13:MX_ADC2_Init	24	static
main.c:353:13:MX_DAC_Init	16	static
main.c:391:13:MX_TIM2_Init	32	static
main.c:436:13:MX_TIM10_Init	40	static
main.c:481:13:MX_USART2_UART_Init	8	static
main.c:512:13:MX_DMA_Init	16	static
main.c:537:13:MX_GPIO_Init	40	static
main.c:605:6:HAL_TIM_PeriodElapsedCallback	16	static
main.c:682:6:sine_creator2	16	static
main.c:691:6:sine_creator3	16	static
main.c:705:6:Error_Handler	4	static,ignoring_inline_asm
